17312314
12864221
3582
1921215
4278471
786911
5003950
6161814
24557345
29389
14582243
448628
6314173
14157363
9172788
1998398
7081031
2819426
11288706
494867
7610737
11369901
470761
154977
8659089
844325
9597124
20480689
7278482
3890828
20576151
3470046
830898
7854957
21935514
4624752
131219
13310838
184427
6452792
8515970
3593244
13063503
979771
22879938
801922
2486952
856400
15304255
20552935
11202384
2962844
8362733
14077030
4141299
148652
17352459
3821381
5697721
1754714
9246729
13937136
6602098
15414054
330188
597786
3008785
1589984
4109714
14840091
2095928
21116941
10773392
12222007
488741
5615792
1570517
7110743
1175700
6148885
2577644
10105305
10930564
2810311
4847541
5699716
77771
431806
4106474
12213990
12124903
11805589
4174781
2369962
11701
18443469
1840204
24282693
329466
21089227
