835198
590478
202241
61074
384369
455499
303380
85096
770935
387968
24745
701029
605172
638020
109802
425073
1092559
600211
512336
93449
