622004823
85720529
869447624
471851498
694198366
626612037
398498690
208652838
152255785
435187214
75476857
226799918
133681757
557496929
291567256
880517496
759181664
910838476
944787777
649690326
