6
10
12
12
11
13
13
16
15
13
12
16
8
8
21
13
9
18
16
9
15
15
11
8
9
16
11
9
13
16
10
11
14
8
12
7
3
11
8
6
9
14
17
10
14
19
9
12
18
14
12
16
11
15
11
14
19
15
11
9
9
8
10
9
7
10
21
18
9
8
16
7
11
13
8
8
12
19
13
13
9
12
9
11
16
10
11
19
21
12
15
10
22
19
23
6
10
12
13
12
